                                                                        Cells by Master                                                                         
┏━━━━━━━━━━━━━━━━━━━━━━━━━━━━━━━━━━━━━━━━━━━━━━━━━━━━━━━━━━━━━━━━━━━━━━━━━━━━━━━━━━━━━━━━━━━━━━━━━━━━━━━━━━━━━━━━━━━━━━━━━━━━┳━━━━━━━━━━━━━━━━━━━━━━━━━━━━━━━━━┓
┃ Cell                                                                                                                       ┃ Count                           ┃
┡━━━━━━━━━━━━━━━━━━━━━━━━━━━━━━━━━━━━━━━━━━━━━━━━━━━━━━━━━━━━━━━━━━━━━━━━━━━━━━━━━━━━━━━━━━━━━━━━━━━━━━━━━━━━━━━━━━━━━━━━━━━━╇━━━━━━━━━━━━━━━━━━━━━━━━━━━━━━━━━┩
│ sg13cmos5l_buf_1                                                                                                           │ 10                              │
│ sg13cmos5l_buf_8                                                                                                           │ 3                               │
│ sg13cmos5l_decap_4                                                                                                         │ 24                              │
│ sg13cmos5l_decap_8                                                                                                         │ 2173                            │
│ sg13cmos5l_dfrbpq_1                                                                                                        │ 8                               │
│ sg13cmos5l_dlygate4sd3_1                                                                                                   │ 8                               │
│ sg13cmos5l_fill_1                                                                                                          │ 47                              │
│ sg13cmos5l_fill_2                                                                                                          │ 43                              │
│ sg13cmos5l_mux2_1                                                                                                          │ 8                               │
│ sg13cmos5l_tielo                                                                                                           │ 16                              │
└────────────────────────────────────────────────────────────────────────────────────────────────────────────────────────────┴─────────────────────────────────┘
