# EXTRACT (first 100 + last 12 lines) of runs/wokwi/62-magic-drc/reports/drc.magic.rpt
# from gds workflow run 36837745318; the full 1.2 MB report is on the run's
# GDS_logs artifact. All violation coordinates fall inside the macro bbox
# [91.2, 328.0] x [173.88, 292.66] um.
#
tt_um_2amlogic_protocol_emulator
----------------------------------------
N-Diffusion spacing to N-well in SRAM < 54 (NW.d exception)
----------------------------------------
 91.240um 291.875um 91.710um 292.145um
 91.710um 291.875um 91.980um 292.145um
 91.840um 291.780um 91.980um 291.875um
 183.560um 291.875um 184.030um 292.145um
 184.030um 291.875um 184.300um 292.145um
 184.160um 291.780um 184.300um 291.875um
 234.900um 291.875um 235.370um 292.145um
 235.370um 291.875um 235.640um 292.145um
 235.500um 291.780um 235.640um 291.875um
 91.240um 274.750um 91.710um 274.890um
 91.240um 274.620um 91.380um 274.750um
 91.710um 274.750um 91.980um 274.890um
 91.840um 274.525um 91.980um 274.750um
 327.220um 291.875um 327.690um 292.145um
 327.690um 291.875um 327.960um 292.145um
 327.820um 291.780um 327.960um 291.875um
 183.560um 274.750um 184.030um 274.890um
 183.560um 274.620um 183.700um 274.750um
 234.900um 274.750um 235.370um 274.890um
 234.900um 274.620um 235.040um 274.750um
 91.240um 273.735um 91.710um 274.005um
 91.710um 273.735um 91.980um 274.005um
 91.840um 273.640um 91.980um 273.735um
 183.560um 273.735um 184.030um 274.005um
 184.030um 273.735um 184.300um 274.005um
 184.160um 273.640um 184.300um 273.735um
 184.030um 274.750um 184.300um 274.890um
 184.160um 274.525um 184.300um 274.750um
 235.370um 274.750um 235.640um 274.890um
 235.500um 274.525um 235.640um 274.750um
 327.220um 274.750um 327.690um 274.890um
 327.220um 274.620um 327.360um 274.750um
 234.900um 273.735um 235.370um 274.005um
 327.690um 274.750um 327.960um 274.890um
 327.820um 274.525um 327.960um 274.750um
 235.370um 273.735um 235.640um 274.005um
 235.500um 273.640um 235.640um 273.735um
 91.240um 256.610um 91.710um 256.750um
 91.240um 256.480um 91.380um 256.610um
 91.710um 256.610um 91.980um 256.750um
 91.840um 256.385um 91.980um 256.610um
 327.220um 273.735um 327.690um 274.005um
 327.690um 273.735um 327.960um 274.005um
 327.820um 273.640um 327.960um 273.735um
 183.560um 256.610um 184.030um 256.750um
 183.560um 256.480um 183.700um 256.610um
 234.900um 256.610um 235.370um 256.750um
 234.900um 256.480um 235.040um 256.610um
 91.240um 255.595um 91.710um 255.865um
 91.710um 255.595um 91.980um 255.865um
 91.840um 255.500um 91.980um 255.595um
 183.560um 255.595um 184.030um 255.865um
 184.030um 255.595um 184.300um 255.865um
 184.160um 255.500um 184.300um 255.595um
 184.030um 256.610um 184.300um 256.750um
 184.160um 256.385um 184.300um 256.610um
 235.370um 256.610um 235.640um 256.750um
 235.500um 256.385um 235.640um 256.610um
 327.220um 256.610um 327.690um 256.750um
 327.220um 256.480um 327.360um 256.610um
 327.690um 256.610um 327.960um 256.750um
 327.820um 256.445um 327.960um 256.610um
 234.900um 255.595um 235.370um 255.865um
 235.370um 255.595um 235.640um 255.865um
 235.500um 255.500um 235.640um 255.595um
 91.240um 238.470um 91.710um 238.610um
 91.240um 238.340um 91.380um 238.470um
 91.710um 238.470um 91.980um 238.610um
 91.840um 238.245um 91.980um 238.470um
 327.220um 255.595um 327.690um 255.865um
 327.690um 255.595um 327.960um 255.865um
 327.820um 255.500um 327.960um 255.595um
 327.820um 256.385um 327.960um 256.445um
 183.560um 238.470um 184.030um 238.610um
 183.560um 238.340um 183.700um 238.470um
 234.900um 238.470um 235.370um 238.610um
 234.900um 238.340um 235.040um 238.470um
 91.240um 237.455um 91.710um 237.725um
 91.710um 237.455um 91.980um 237.725um
 91.840um 237.360um 91.980um 237.455um
 183.560um 237.455um 184.030um 237.725um
 184.030um 237.455um 184.300um 237.725um
 184.160um 237.360um 184.300um 237.455um
 184.030um 238.470um 184.300um 238.610um
 184.160um 238.245um 184.300um 238.470um
 235.370um 238.470um 235.640um 238.610um
 235.500um 238.245um 235.640um 238.470um
 327.220um 238.470um 327.690um 238.610um
 327.220um 238.340um 327.360um 238.470um
 327.690um 238.470um 327.960um 238.610um
 327.820um 238.290um 327.960um 238.470um
 234.900um 237.455um 235.370um 237.725um
 327.820um 238.245um 327.960um 238.290um
 235.370um 237.455um 235.640um 237.725um
 235.500um 237.360um 235.640um 237.455um
 91.240um 220.330um 91.710um 220.470um
... (elided coordinate lines) ...
 306.460um 219.560um 306.980um 219.860um
 309.270um 219.560um 309.790um 219.860um
 312.080um 219.560um 312.600um 219.860um
 314.890um 219.560um 315.410um 219.860um
 317.700um 219.560um 318.220um 219.860um
 320.510um 219.560um 321.030um 219.860um
 323.320um 219.560um 323.840um 219.860um
 326.130um 219.560um 326.650um 219.860um
----------------------------------------
[INFO] COUNT: 29297
[INFO] Should be divided by 3 or 4

