+ analyze_power_grid -net VPWR -voltage_file /home/runner/work/sg13cmos5l-protocol-emulator/sg13cmos5l-protocol-emulator/runs/wokwi/56-openroad-irdropreport/net-VPWR.csv
[INFO PSM-0040] All shapes on net VPWR are connected.
########## IR report #################
Net              : VPWR
Corner           : nom_typ_1p20V_25C
Total power      : 5.63e-04 W
Supply voltage   : 1.20e+00 V
Worstcase voltage: 1.20e+00 V
Average voltage  : 1.20e+00 V
Average IR drop  : 5.47e-04 V
Worstcase IR drop: 2.68e-03 V
Percentage drop  : 0.22 %
######################################
+ analyze_power_grid -net VGND -voltage_file /home/runner/work/sg13cmos5l-protocol-emulator/sg13cmos5l-protocol-emulator/runs/wokwi/56-openroad-irdropreport/net-VGND.csv
[INFO PSM-0040] All shapes on net VGND are connected.
########## IR report #################
Net              : VGND
Corner           : nom_typ_1p20V_25C
Total power      : 5.63e-04 W
Supply voltage   : 0.00e+00 V
Worstcase voltage: 2.63e-03 V
Average voltage  : 5.32e-04 V
Average IR drop  : 5.32e-04 V
Worstcase IR drop: 2.63e-03 V
Percentage drop  : 0.22 %
######################################
