Startpoint: u_prog_mem.u_sram (rising edge-triggered flip-flop clocked by clk)
Endpoint: _1896_ (rising edge-triggered flip-flop clocked by clk)
Path Group: clk
Path Type: max

Fanout         Cap        Slew       Delay        Time   Description
---------------------------------------------------------------------------------------------
                                  0.000000    0.000000   clock clk (rise edge)
                                  0.000000    0.000000   clock source latency
     2    0.052382    0.103764    0.068664    0.068664 ^ clk (in)
                                                         clk (net)
                      0.103797    0.000000    0.068664 ^ delaybuf_0_clk/A (sg13cmos5l_buf_8)
     1    0.008805    0.031347    0.142360    0.211025 ^ delaybuf_0_clk/X (sg13cmos5l_buf_8)
                                                         delaynet_0_clk (net)
                      0.031348    0.000375    0.211399 ^ delaybuf_1_clk/A (sg13cmos5l_buf_8)
     1    0.049780    0.057211    0.122831    0.334230 ^ delaybuf_1_clk/X (sg13cmos5l_buf_8)
                                                         delaynet_1_clk (net)
                      0.059839    0.009935    0.344165 ^ delaybuf_2_clk/A (sg13cmos5l_buf_8)
     1    0.009166    0.029833    0.117418    0.461583 ^ delaybuf_2_clk/X (sg13cmos5l_buf_8)
                                                         delaynet_2_clk (net)
                      0.029834    0.000395    0.461977 ^ delaybuf_3_clk/A (sg13cmos5l_buf_8)
     1    0.009058    0.028699    0.099451    0.561428 ^ delaybuf_3_clk/X (sg13cmos5l_buf_8)
                                                         delaynet_3_clk (net)
                      0.028701    0.000388    0.561817 ^ clkbuf_0_clk/A (sg13cmos5l_buf_8)
     1    0.010502    0.029676    0.099621    0.661437 ^ clkbuf_0_clk/X (sg13cmos5l_buf_8)
                                                         clknet_0_clk (net)
                      0.029683    0.000879    0.662316 ^ clkbuf_1_0__f_clk/A (sg13cmos5l_buf_8)
     1    0.007991    0.027931    0.098675    0.760991 ^ clkbuf_1_0__f_clk/X (sg13cmos5l_buf_8)
                                                         clknet_1_0__leaf_clk (net)
                      0.037244    0.000535    0.761525 ^ u_prog_mem.u_sram/A_CLK (RM_IHPSG13_1P_256x16_c2_bm_bist)
     2    0.027629    0.097263    5.330667    6.092193 ^ u_prog_mem.u_sram/A_DOUT[11] (RM_IHPSG13_1P_256x16_c2_bm_bist)
                                                         instr_word[11] (net)
                      0.072947    0.002557    6.094749 ^ max_cap82/A (sg13cmos5l_buf_4)
     4    0.054329    0.107633    0.215766    6.310515 ^ max_cap82/X (sg13cmos5l_buf_4)
                                                         net82 (net)
                      0.108107    0.006062    6.316577 ^ fanout81/A (sg13cmos5l_buf_1)
    10    0.094748    0.598642    0.552291    6.868868 ^ fanout81/X (sg13cmos5l_buf_1)
                                                         net81 (net)
                      0.598708    0.005582    6.874451 ^ _0938_/S0 (sg13cmos5l_mux4_1)
     1    0.003015    0.071468    0.545557    7.420008 v _0938_/X (sg13cmos5l_mux4_1)
                                                         _0391_ (net)
                      0.071468    0.000120    7.420128 v hold264/A (sg13cmos5l_dlygate4sd3_1)
     1    0.002415    0.056634    0.637050    8.057178 v hold264/X (sg13cmos5l_dlygate4sd3_1)
                                                         net263 (net)
                      0.056634    0.000100    8.057279 v fanout62/A (sg13cmos5l_buf_1)
     6    0.072907    0.379451    0.382434    8.439713 v fanout62/X (sg13cmos5l_buf_1)
                                                         net62 (net)
                      0.379451    0.000249    8.439961 v fanout61/A (sg13cmos5l_buf_1)
     8    0.084846    0.442253    0.534585    8.974545 v fanout61/X (sg13cmos5l_buf_1)
                                                         net61 (net)
                      0.443026    0.016268    8.990813 v _1588_/A (sg13cmos5l_nor2b_1)
     3    0.013302    0.259245    0.323166    9.313980 ^ _1588_/Y (sg13cmos5l_nor2b_1)
                                                         _0215_ (net)
                      0.259245    0.000790    9.314771 ^ _1610_/A2 (sg13cmos5l_o21ai_1)
     3    0.021581    0.301374    0.322490    9.637261 v _1610_/Y (sg13cmos5l_o21ai_1)
                                                         _0236_ (net)
                      0.301383    0.001889    9.639151 v _1650_/A2 (sg13cmos5l_a221oi_1)
     4    0.031059    0.681696    0.743824   10.382974 ^ _1650_/Y (sg13cmos5l_a221oi_1)
                                                         _0274_ (net)
                      0.681727    0.004038   10.387012 ^ _1693_/A2 (sg13cmos5l_o21ai_1)
     2    0.010368    0.198479    0.308208   10.695219 v _1693_/Y (sg13cmos5l_o21ai_1)
                                                         _0315_ (net)
                      0.198479    0.000634   10.695853 v _1714_/A2 (sg13cmos5l_a21oi_1)
     1    0.006344    0.129824    0.210134   10.905988 ^ _1714_/Y (sg13cmos5l_a21oi_1)
                                                         _0335_ (net)
                      0.129824    0.000273   10.906260 ^ _1715_/B (sg13cmos5l_xnor2_1)
     1    0.009422    0.174538    0.204509   11.110769 ^ _1715_/Y (sg13cmos5l_xnor2_1)
                                                         _0336_ (net)
                      0.174541    0.001122   11.111892 ^ _1727_/B2 (sg13cmos5l_a221oi_1)
     1    0.005425    0.223118    0.183237   11.295129 v _1727_/Y (sg13cmos5l_a221oi_1)
                                                         _0348_ (net)
                      0.223119    0.000382   11.295510 v _1730_/A1 (sg13cmos5l_o21ai_1)
     4    0.021644    0.372471    0.424286   11.719796 ^ _1730_/Y (sg13cmos5l_o21ai_1)
                                                         _0351_ (net)
                      0.372486    0.002136   11.721932 ^ _1764_/A0 (sg13cmos5l_mux2_1)
     1    0.003955    0.065349    0.279448   12.001380 ^ _1764_/X (sg13cmos5l_mux2_1)
                                                         _0135_ (net)
                      0.065349    0.000268   12.001648 ^ hold338/A (sg13cmos5l_dlygate4sd3_1)
     1    0.002078    0.051931    0.600279   12.601927 ^ hold338/X (sg13cmos5l_dlygate4sd3_1)
                                                         net337 (net)
                      0.051931    0.000081   12.602008 ^ _1896_/D (sg13cmos5l_dfrbpq_1)
                                             12.602008   data arrival time

                                 20.000000   20.000000   clock clk (rise edge)
                                  0.000000   20.000000   clock source latency
     2    0.050202    0.100418    0.064119   20.064119 ^ clk (in)
                                                         clk (net)
                      0.101030    0.000000   20.064119 ^ clkbuf_regs_0_clk/A (sg13cmos5l_buf_8)
     1    0.008074    0.030664    0.127258   20.191378 ^ clkbuf_regs_0_clk/X (sg13cmos5l_buf_8)
                                                         clk_regs (net)
                      0.030665    0.000311   20.191689 ^ clkbuf_0_clk_regs/A (sg13cmos5l_buf_8)
    16    0.190531    0.162159    0.173106   20.364796 ^ clkbuf_0_clk_regs/X (sg13cmos5l_buf_8)
                                                         clknet_0_clk_regs (net)
                      0.164108    0.013838   20.378633 ^ clkbuf_4_10_0_clk_regs/A (sg13cmos5l_buf_8)
     2    0.021766    0.043419    0.160700   20.539333 ^ clkbuf_4_10_0_clk_regs/X (sg13cmos5l_buf_8)
                                                         clknet_4_10_0_clk_regs (net)
                      0.043428    0.001378   20.540710 ^ clkbuf_5_21__f_clk_regs/A (sg13cmos5l_buf_8)
     5    0.034724    0.046785    0.111724   20.652435 ^ clkbuf_5_21__f_clk_regs/X (sg13cmos5l_buf_8)
                                                         clknet_5_21__leaf_clk_regs (net)
                      0.046794    0.001116   20.653551 ^ _1896_/CLK (sg13cmos5l_dfrbpq_1)
                                 -0.250000   20.403551   clock uncertainty
                                  0.000000   20.403551   clock reconvergence pessimism
                                 -0.198769   20.204782   library setup time
                                             20.204782   data required time
---------------------------------------------------------------------------------------------
                                             20.204782   data required time
                                            -12.602008   data arrival time
---------------------------------------------------------------------------------------------
                                              7.602775   slack (MET)


